// Jest Snapshot v1, https://goo.gl/fbAQLP

exports[`CustomTextInput Component renders custom text input correctly 1`] = `
<TextInput
  keyboardAppearance="dark"
  placeholderTextColor="#01C38D"
  selectionColor="#01C38D"
  style={
    [
      {
        "borderColor": "#696E79",
        "borderRadius": 10,
        "borderWidth": 1,
        "color": "#01C38D",
        "height": 50,
        "marginBottom": 18,
        "padding": 18,
        "width": 724,
      },
    ]
  }
/>
`;
